Other errorXHRhttps://api.github.com/repos/SigNoz/signozGooglebot blocked by robots.txtXHRhttps://join.slack.com/t/signoz-community/shared_invite/zt-3255t2slz-KNhAwjDlTL5rTRiWz4vJcQ?_rsc=1wtp7Redirection errorXHRhttps://signoz.io/api_reference/?_rsc=1wtp7Redirection errorXHRhttps://signoz.io/docs/?_rsc=1wtp7Redirection errorXHRhttps://signoz.io/docs/introduction?_rsc=1wtp7Redirection errorXHRhttps://signoz.io/slack/?_rsc=1wtp7Redirection errorXHRhttps://signoz.io/slack?_rsc=1wtp7Other errorOtherhttps://stats.g.doubleclick.net/g/collect?v=2&tid=G-6NFJ2Y6NQN&cid=1589287414.1743697153&gtm=45je5411v9100373797z8832510059za200zb832510059&aip=1&dma=0&gcd=13l3l3l3l1l1&npa=0&frm=0&tag_exp=102788824~102803279~102813109~102887799~102926062~102975949~103016951~103021829